// Jest Snapshot v1, https://goo.gl/fbAQLP

exports[`Create test cases for ModuleItem component Create a snapshot test 1`] = `
<DocumentFragment>
  <div
    class="mainContainer"
  >
    <div
      class="mainContent"
    >
      <div
        class="titleAndEllipseIcon"
      >
        <img
          alt="ellipse icon"
          class="ellipseIcon"
          src="Ellipse.svg"
        />
        <p
          class="moduleTitle"
        >
          React js
        </p>
      </div>
      <img
        alt="chevron"
        class="chevronIsClosed"
        src="ArrowRight.svg"
      />
    </div>
    <div
      class="moduleDescriptionIsClosed"
    >
      <p>
        It talks about React
      </p>
      <button
        style="background-color: transparent; color: blue; text-decoration: underline; cursor: pointer;"
        type="button"
      />
    </div>
  </div>
</DocumentFragment>
`;
