// Jest Snapshot v1, https://goo.gl/fbAQLP

exports[`Create test case for Verification component Create a snapshot test 1`] = `
<DocumentFragment>
  <div
    class="closeIcon"
  >
    âœ–
  </div>
  <div
    class="headerContent"
  >
    <h2>
      string.onAccountVerification.title
    </h2>
    <p>
      messages.verificationPageHint
    </p>
  </div>
  <div
    style="margin: 0px 80px;"
  >
    <button
      class="formButton"
      type="submit"
    >
      button.resend
    </button>
  </div>
</DocumentFragment>
`;
