// Jest Snapshot v1, https://goo.gl/fbAQLP

exports[`Create test cases for ForgotPassword component Create a snapshot test 1`] = `
<DocumentFragment>
  <div
    data-testid="closeButton"
    style="background-color: transparent; color: rgb(132, 138, 157); cursor: pointer; float: inline-end; margin-right: 3%; font-size: 2rem; padding: 0px;"
  >
    <svg
      fill="currentColor"
      height="1em"
      stroke="currentColor"
      stroke-width="0"
      viewBox="0 0 24 24"
      width="1em"
      xmlns="http://www.w3.org/2000/svg"
    >
      <path
        d="M7,7 L17,17 M7,17 L17,7"
        fill="none"
        stroke="#000"
        stroke-width="2"
      />
    </svg>
  </div>
  <div
    class="mainContainer"
  >
    <h2>
      Forgot password
    </h2>
    <p>
      Enter your email for the verification process.
    </p>
    <p>
      We will send 4 digits code to your email.
    </p>
    <div>
      <label
        for="email"
      >
        Email
        <span
          style="color: red;"
        >
           *
        </span>
      </label>
      <input
        data-testid="forgotPasswordEmailInput"
        id="email"
        name="email"
        placeholder="ex: namesurname@gmail.com"
        required=""
        type="email"
      />
    </div>
    <button
      data-testid="continueButton"
      type="button"
    >
      Continue
    </button>
  </div>
</DocumentFragment>
`;
