// Jest Snapshot v1, https://goo.gl/fbAQLP

exports[`Create unit tests for FormPortal component Create a snapshot test 1`] = `<DocumentFragment />`;
