// Jest Snapshot v1, https://goo.gl/fbAQLP

exports[`Create test cases for AfterVerification page Make a snapshot test 1`] = `<DocumentFragment />`;
