// Jest Snapshot v1, https://goo.gl/fbAQLP

exports[`Create a snapshot test 1`] = `
<DocumentFragment>
  <div
    class="mainContainer"
  >
    <img
      alt="No Courses Yet"
      src="NoCoursesYet.svg"
    />
    <p
      data-testid="No courses yet"
    >
      string.myLearningPaths.noCourseStatus
    </p>
  </div>
</DocumentFragment>
`;
