// Jest Snapshot v1, https://goo.gl/fbAQLP

exports[`Create unit tests for Header component Create a snapshot test 1`] = `
<DocumentFragment>
  <div
    class="closeIcon"
  >
    <svg
      fill="currentColor"
      height="1em"
      stroke="currentColor"
      stroke-width="0"
      viewBox="0 0 24 24"
      width="1em"
      xmlns="http://www.w3.org/2000/svg"
    >
      <path
        d="M7,7 L17,17 M7,17 L17,7"
        fill="none"
        stroke="#000"
        stroke-width="2"
      />
    </svg>
  </div>
  <div
    class="headerContent"
  >
    <h2>
      This is main Title
    </h2>
    <div
      class="iconContent"
    >
      <div
        class="icon"
      >
        <a
          href=""
          rel="noopener noreferrer"
          target="_blank"
        >
          <svg
            fill="currentColor"
            height="1em"
            stroke="currentColor"
            stroke-width="0"
            style="color: rgb(132, 138, 157); width: 100%; height: 100%;"
            viewBox="0 0 1024 1024"
            width="1em"
            xmlns="http://www.w3.org/2000/svg"
          >
            <path
              d="M847.7 112H176.3c-35.5 0-64.3 28.8-64.3 64.3v671.4c0 35.5 28.8 64.3 64.3 64.3h671.4c35.5 0 64.3-28.8 64.3-64.3V176.3c0-35.5-28.8-64.3-64.3-64.3zm0 736c-447.8-.1-671.7-.2-671.7-.3.1-447.8.2-671.7.3-671.7 447.8.1 671.7.2 671.7.3-.1 447.8-.2 671.7-.3 671.7zM230.6 411.9h118.7v381.8H230.6zm59.4-52.2c37.9 0 68.8-30.8 68.8-68.8a68.8 68.8 0 1 0-137.6 0c-.1 38 30.7 68.8 68.8 68.8zm252.3 245.1c0-49.8 9.5-98 71.2-98 60.8 0 61.7 56.9 61.7 101.2v185.7h118.6V584.3c0-102.8-22.2-181.9-142.3-181.9-57.7 0-96.4 31.7-112.3 61.7h-1.6v-52.2H423.7v381.8h118.6V604.8z"
            />
          </svg>
        </a>
      </div>
      <div
        class="icon"
      >
        <svg
          fill="currentColor"
          height="1em"
          role="img"
          stroke="currentColor"
          stroke-width="0"
          style="color: rgb(132, 138, 157); width: 100%; height: 100%;"
          viewBox="0 0 24 24"
          width="1em"
          xmlns="http://www.w3.org/2000/svg"
        >
          <title />
          <path
            d="M24 5.457v13.909c0 .904-.732 1.636-1.636 1.636h-3.819V11.73L12 16.64l-6.545-4.91v9.273H1.636A1.636 1.636 0 0 1 0 19.366V5.457c0-2.023 2.309-3.178 3.927-1.964L5.455 4.64 12 9.548l6.545-4.91 1.528-1.145C21.69 2.28 24 3.434 24 5.457z"
          />
        </svg>
      </div>
    </div>
    <p>
      string.signIn.or
    </p>
  </div>
</DocumentFragment>
`;
