// Jest Snapshot v1, https://goo.gl/fbAQLP

exports[`Create test cases for MainBody component Create a snapshot test 1`] = `
<DocumentFragment>
  <div
    class="listContainer"
    style="background-color: rgb(255, 255, 255); margin: 0px 3%;"
  >
    <p>
      Hello world
    </p>
  </div>
  <div
    class="registrationButton"
  >
    <a
      href="/categories/subcategories"
    >
      <button
        class="regButton btnBelow"
        type="button"
      >
        button.homePage.seeAll
      </button>
    </a>
  </div>
</DocumentFragment>
`;
