// Jest Snapshot v1, https://goo.gl/fbAQLP

exports[`Create test cases for CourseContentHeader Make a snapshot test 1`] = `
<DocumentFragment>
  <div
    class="mainContainer"
    style="display: none;"
  >
    <div
      class="learningPathContainer"
    >
      <div
        class="mainCoreContainer"
      />
    </div>
  </div>
  <div>
    Loading...
  </div>
</DocumentFragment>
`;
