// Jest Snapshot v1, https://goo.gl/fbAQLP

exports[`Create test cases for course overview page Create a snapshot test 1`] = `<DocumentFragment />`;
