// Jest Snapshot v1, https://goo.gl/fbAQLP

exports[`Create test case to ChooSecategoryPage Create a snapshot test 1`] = `[Function]`;
