// Jest Snapshot v1, https://goo.gl/fbAQLP

exports[`Create test case for Successful message component Create a snapshot test 1`] = `
<DocumentFragment>
  <div
    class="closeIcon"
  >
    âœ–
  </div>
  <div
    class="mainContainer"
  >
    <h1
      class="title"
    >
      messages.successHeader
    </h1>
    <h2
      class="subtitle"
    >
      You have successfuly registered
    </h2>
  </div>
</DocumentFragment>
`;
